// Jest Snapshot v1, https://goo.gl/fbAQLP

exports[`renders correctly when there are no notes 1`] = `
<div
  className="Personal NoteList"
>
  <form
    onSubmit={[Function]}
  >
    <label>
      Task: 
      <input
        onChange={[Function]}
        type="text"
        value=""
      />
    </label>
    <input
      type="submit"
      value="Add"
    />
    <input
      onClick={[Function]}
      type="button"
      value="Reset"
    />
  </form>
</div>
`;
