// Jest Snapshot v1, https://goo.gl/fbAQLP

exports[`renders correctly when there are no notes 1`] = `
<div
  className="Personal NoteList"
>
  <form
    id="todo-form"
    onSubmit={[Function]}
  >
    <label>
      <input
        onChange={[Function]}
        placeholder="Enter Task"
        type="text"
        value=""
      />
    </label>
    <button
      type="submit"
    >
      Add
    </button>
    <button
      onClick={[Function]}
      type="reset"
    >
      Reset
    </button>
  </form>
  You have 
  0
   Tasks Remaining
  <footer>
    <strong>
      A MATTYBWOY CREATION
    </strong>
    <br />
    Powered by React
    <br />
    <img
      alt="https://reactjs.org/"
      src="logo.svg"
      width="40"
    />
  </footer>
</div>
`;
